2022-09-28-11:36:59.668 5  35 255 130311 Environmental Parameters:  SID = 197 (bytes = "C5"); Temperature Source = Sea Temperature (bytes = "00", bits = "000000"); Humidity Source = Unknown (bytes = "C0", bits = "11"); Temperature = 8.73 C (bytes = "1C 6E"); Humidity = Unknown (bytes = "FF 7F"); Atmospheric Pressure = Unknown (bytes = "FF FF")
2022-09-28-11:36:59.668 3   0 255 129029 GNSS Position Data:  SID = 231 (bytes = "E7"); Date = 2013.03.01 (bytes = "95 3D"); Time = 19:29:52 (bytes = "00 73 D6 29"); Latitude = 42.4967684 (bytes = "00 DA 04 73 DB C9 E5 05"); Longitude = -71.5836637 (bytes = "80 7D 02 28 5F D6 10 F6"); Altitude = 90.984603 m (bytes = "9B 50 6C 05 00 00 00 00"); GNSS type = GPS+SBAS/WAAS (bytes = "03", bits = "0011"); Method = GNSS fix (bytes = "10", bits = "0001"); Integrity = No integrity checking (bytes = "00", bits = "00"); Number of SVs = 8 (bytes = "08"); HDOP = 1.11 (bytes = "6F 00"); PDOP = 1.90 (bytes = "BE 00"); Geoidal Separation = -33.63 m (bytes = "DD F2 FF FF"); Reference Stations = 0 (bytes = "00"); Reference Station Type 1 = Unknown (bytes = "0F", bits = "1111"); Reference Station ID = Unknown (bytes = "F0 FF", bits = "111111111111"); Age of DGNSS Corrections = Unknown (bytes = "FF FF")
2022-09-28-11:36:59.668 3   0 255 129029 GNSS Position Data:  SID = 231 (bytes = "E7"); Date = 2013.03.01 (bytes = "95 3D"); Time = 19:29:52 (bytes = "00 73 D6 29"); Latitude = 42.4967684 (bytes = "00 DA 04 73 DB C9 E5 05"); Longitude = -71.5836637 (bytes = "80 7D 02 28 5F D6 10 F6"); Altitude = 90.984603 m (bytes = "9B 50 6C 05 00 00 00 00"); GNSS type = GPS+SBAS/WAAS (bytes = "03", bits = "0011"); Method = GNSS fix (bytes = "10", bits = "0001"); Integrity = No integrity checking (bytes = "00", bits = "00"); Number of SVs = 8 (bytes = "08"); HDOP = 1.11 (bytes = "6F 00"); PDOP = 1.90 (bytes = "BE 00"); Geoidal Separation = -33.63 m (bytes = "DD F2 FF FF"); Reference Stations = 0 (bytes = "00"); Reference Station Type 1 = Unknown (bytes = "0F", bits = "1111"); Reference Station ID = Unknown (bytes = "F0 FF", bits = "111111111111"); Age of DGNSS Corrections = Unknown (bytes = "FF FF")
2022-09-28-11:36:59.669 7   0 255 126720 0x1EF00-0x1EFFF: Manufacturer Proprietary fast-packet addressed:  Manufacturer Code = Garmin (bytes = "E5 00", bits = "01011100101"); Industry Code = Marine (bytes = "80", bits = "100"); Data = 17 00 04 04 BF A0 1B 41 5E 14 7F 41 4C 67 95 41 4C 67 95 41 4C 67 95 41 0A D7 A3 3C CD CC CC 3D 0A D7 A3 3C CD CC CC 3D A4 17 8E 3F E6 E1 C5 3F 23 9D F3 3F 00 00 80 3F 2B 34 84 3E (bytes = "17 00 04 04 BF A0 1B 41 5E 14 7F 41 4C 67 95 41 4C 67 95 41 4C 67 95 41 0A D7 A3 3C CD CC CC 3D 0A D7 A3 3C CD CC CC 3D A4 17 8E 3F E6 E1 C5 3F 23 9D F3 3F 00 00 80 3F 2B 34 84 3E")
2022-09-28-11:36:59.668 3   0 255 129029 GNSS Position Data:  SID = 231 (bytes = "E7"); Date = 2013.03.01 (bytes = "95 3D"); Time = 19:29:52 (bytes = "00 73 D6 29"); Latitude = 42.4967684 (bytes = "00 DA 04 73 DB C9 E5 05"); Longitude = -71.5836637 (bytes = "80 7D 02 28 5F D6 10 F6"); Altitude = 90.984603 m (bytes = "9B 50 6C 05 00 00 00 00"); GNSS type = GPS+SBAS/WAAS (bytes = "03", bits = "0011"); Method = GNSS fix (bytes = "10", bits = "0001"); Integrity = No integrity checking (bytes = "00", bits = "00"); Number of SVs = 8 (bytes = "08"); HDOP = 1.11 (bytes = "6F 00"); PDOP = 1.90 (bytes = "BE 00"); Geoidal Separation = -33.63 m (bytes = "DD F2 FF FF"); Reference Stations = 0 (bytes = "00"); Reference Station Type 1 = Unknown (bytes = "0F", bits = "1111"); Reference Station ID = Unknown (bytes = "F0 FF", bits = "111111111111"); Age of DGNSS Corrections = Unknown (bytes = "FF FF")
2022-09-28-11:36:59.668 3   0 255 129029 GNSS Position Data:  SID = 231 (bytes = "E7"); Date = 2013.03.01 (bytes = "95 3D"); Time = 19:29:52 (bytes = "00 73 D6 29"); Latitude = 42.4967684 (bytes = "00 DA 04 73 DB C9 E5 05"); Longitude = -71.5836637 (bytes = "80 7D 02 28 5F D6 10 F6"); Altitude = 90.984603 m (bytes = "9B 50 6C 05 00 00 00 00"); GNSS type = GPS+SBAS/WAAS (bytes = "03", bits = "0011"); Method = GNSS fix (bytes = "10", bits = "0001"); Integrity = No integrity checking (bytes = "00", bits = "00"); Number of SVs = 8 (bytes = "08"); HDOP = 1.11 (bytes = "6F 00"); PDOP = 1.90 (bytes = "BE 00"); Geoidal Separation = -33.63 m (bytes = "DD F2 FF FF"); Reference Stations = 0 (bytes = "00"); Reference Station Type 1 = Unknown (bytes = "0F", bits = "1111"); Reference Station ID = Unknown (bytes = "F0 FF", bits = "111111111111"); Age of DGNSS Corrections = Unknown (bytes = "FF FF")
2024-11-17-17:41:46.925 3  27 255 130823 0x1FF00-0x1FFFF: Manufacturer Specific fast-packet non-addressed:  Data = 13 99 FF 00 0F 01 00 04 00 00 1C 42 04 CD CC 2C 40 04 00 00 1E 43 16 00 04 00 00 F0 40 04 E1 7A 64 40 04 AE 47 81 40 04 CD CC 8C 40 04 A4 70 95 40 04 66 66 9E 40 04 3D 0A A7 40 04 CD CC AC 40 04 66 66 AE 40 04 CD CC AC 40 04 EC 51 A8 40 04 5C 8F A2 40 04 CD CC 9C 40 04 33 33 93 40 04 66 66 86 40 04 9A 99 79 40 04 9A 99 69 40 04 48 E1 5A 40 04 5C 8F 72 40 04 00 00 18 42 04 CD CC 6C 40 04 00 00 20 43 16 00 04 00 00 20 41 04 33 33 83 40 04 F6 28 9C 40 04 14 AE AF 40 04 CD CC BC 40 04 48 E1 C2 40 04 8F C2 C5 40 04 D7 A3 C8 40 04 85 EB C9 40 04 E1 7A CC 40 04 E1 7A CC 40 04 9A 99 C9 40 04 00 00 C0 40 04 A4 70 B5 40 04 29 5C A7 40 04 9A 99 99 40 04 00 00 90 40 04 9A (bytes = "13 99 FF 00 0F 01 00 04 00 00 1C 42 04 CD CC 2C 40 04 00 00 1E 43 16 00 04 00 00 F0 40 04 E1 7A 64 40 04 AE 47 81 40 04 CD CC 8C 40 04 A4 70 95 40 04 66 66 9E 40 04 3D 0A A7 40 04 CD CC AC 40 04 66 66 AE 40 04 CD CC AC 40 04 EC 51 A8 40 04 5C 8F A2 40 04 CD CC 9C 40 04 33 33 93 40 04 66 66 86 40 04 9A 99 79 40 04 9A 99 69 40 04 48 E1 5A 40 04 5C 8F 72 40 04 00 00 18 42 04 CD CC 6C 40 04 00 00 20 43 16 00 04 00 00 20 41 04 33 33 83 40 04 F6 28 9C 40 04 14 AE AF 40 04 CD CC BC 40 04 48 E1 C2 40 04 8F C2 C5 40 04 D7 A3 C8 40 04 85 EB C9 40 04 E1 7A CC 40 04 E1 7A CC 40 04 9A 99 C9 40 04 00 00 C0 40 04 A4 70 B5 40 04 29 5C A7 40 04 9A 99 99 40 04 00 00 90 40 04 9A")
